[matematika.cz/matice.html]
[backblue.gif]
[fade.gif]
[index.html]
[matematika.cz/images/web/logo-min.png]
[matematika.cz/favicon.ico]
[matematika.cz/sources/styles/styly79ee.css]
[matematika.cz/index.html]
[matematika.cz/test/js/jquery.min.js]
[matematika.cz/test/js/jquery.hoveraccordion.min.js]
[matematika.cz/sources/javascript/analytics.js]
[konstrukter.cz/wp-content/uploads/2014/07/polozka-pozadi1.png]
[konstrukter.cz/wp-content/uploads/2014/07/polozka-pozadi2.b.delayed]
[www.konstrukter.cz/wp-content/uploads/2014/07/polozka-pozadi2.c.delayed]
[www.googletagservices.com/tag/js/gpt.js]
[connect.facebook.net/cs_CZ/all.js]
[matematika.cz/content/sda-kon/limec-strojirenstvi-horni.png]
[matematika.cz/content/sda-kon/limec-strojirenstvi-levy.png]
[matematika.cz/content/sda-kon/limec-strojirenstvi-pravy.png]
[matematika.cz/content/newfiles/matematika-cz-logo.png]
[matematika.cz/matematika-pro-vysoke-skoly.html]
[matematika.cz/matematika-pro-stredni-skoly.html]
[matematika.cz/matematika-pro-zakladni-skoly.html]
[matematika.cz/telesa.html]
[matematika.cz/content/images/soucin-matic.png]
[matematika.cz/hodnost-matice.html]
[matematika.cz/inverzni-matice.html]
[matematika.cz/determinanty.html]
[matematika.cz/kategorie-zakladni-skola.html]
[matematika.cz/scitani-odecitani.html]
[matematika.cz/nasobeni.html]
[matematika.cz/deleni.html]
[matematika.cz/mnohocleny.html]
[matematika.cz/deleni-mnohoclenu.html]
[matematika.cz/lomene-vyrazy.html]
[matematika.cz/zlomky.html]
[matematika.cz/vytykani.html]
[matematika.cz/procenta.html]
[matematika.cz/zaokrouhlovani.html]
[matematika.cz/trojclenka.html]
[matematika.cz/spolecna-prace.html]
[matematika.cz/kategorie-funkce.html]
[matematika.cz/co-je-to-funkce.html]
[matematika.cz/funkce.html]
[matematika.cz/definicni-obor.html]
[matematika.cz/inverzni-funkce.html]
[matematika.cz/suda-licha.html]
[matematika.cz/linearni-funkce.html]
[matematika.cz/mocniny.html]
[matematika.cz/odmocniny.html]
[matematika.cz/exponencialni-funkce.html]
[matematika.cz/logaritmy.html]
[matematika.cz/kvadraticka-funkce.html]
[matematika.cz/goniometrie.html]
[matematika.cz/kategorie-rovnice-nerovnice.html]
[matematika.cz/rovnice.html]
[matematika.cz/upravy-rovnic.html]
[matematika.cz/linearni-rovnice.html]
[matematika.cz/kvadraticke-rovnice.html]
[matematika.cz/binomicke-rovnice.html]
[matematika.cz/linearni-nerovnice.html]
[matematika.cz/kvadraticke-nerovnice.html]
[matematika.cz/exponencialni-rovnice.html]
[matematika.cz/goniometricke-rovnice.html]
[matematika.cz/soustavy-rovnic.html]
[matematika.cz/kategorie-cisla.html]
[matematika.cz/prirozena-cisla.html]
[matematika.cz/cela-cisla.html]
[matematika.cz/racionalni-cisla.html]
[matematika.cz/iracionalni-cisla.html]
[matematika.cz/realna-cisla.html]
[matematika.cz/komplexni-cisla.html]
[matematika.cz/prvocisla.html]
[matematika.cz/prevod.html]
[matematika.cz/mnoziny.html]
[matematika.cz/uroky.html]
[matematika.cz/interval.html]
[matematika.cz/nekonecno.html]
[matematika.cz/doplneni-ctverec.html]
[matematika.cz/kategorie-geometrie.html]
[matematika.cz/geometrie.html]
[matematika.cz/primka.html]
[matematika.cz/uhel.html]
[matematika.cz/ctverec.html]
[matematika.cz/obdelnik.html]
[matematika.cz/objemy-obsahy.html]
[matematika.cz/trojuhelnik.html]
[matematika.cz/kruznice.html]
[matematika.cz/kuzelosecky.html]
[matematika.cz/euklidovy-vety.html]
[matematika.cz/vzorce-geometrie.html]
[matematika.cz/kategorie-kombinatorika.html]
[matematika.cz/kombinatorika.html]
[matematika.cz/pravdepodobnost.html]
[matematika.cz/tri-dvere.html]
[matematika.cz/bezpecnost-hesla.html]
[matematika.cz/zaklady-statistiky.html]
[matematika.cz/binomicka-veta.html]
[matematika.cz/kategorie-analyticka-geometrie.html]
[matematika.cz/vektory.html]
[matematika.cz/parametricka-rovnice-primky.html]
[matematika.cz/vzajemna-poloha-primek.html]
[matematika.cz/rovnice-roviny.html]
[matematika.cz/vzdalenost-bod-primka.html]
[matematika.cz/kategorie-statistika.html]
[matematika.cz/zakladni-pojmy-statistiky.html]
[matematika.cz/rozlozeni-cetnosti.html]
[matematika.cz/prumer.html]
[matematika.cz/rozptyl.html]
[matematika.cz/smerodatna-odchylka.html]
[matematika.cz/rozlozeni-pravdepodobnosti.html]
[matematika.cz/rovnomerne-normalni-rozlozeni.html]
[matematika.cz/kategorie-dukazy.html]
[matematika.cz/dukazy.html]
[matematika.cz/dukaz-sporem.html]
[matematika.cz/matematicka-indukce.html]
[matematika.cz/kategorie-ostatni.html]
[matematika.cz/vyroky.html]
[matematika.cz/ukazky-testu.html]
[matematika.cz/hlavolamy.html]
[matematika.cz/absolutni-hodnota.html]
[matematika.cz/faktorial.html]
[matematika.cz/pomery.html]
[matematika.cz/vyjadreni-promenne.html]
[matematika.cz/symboly.html]
[matematika.cz/nastroje.html]
[matematika.cz/mapa.html]
[matematika.cz/ciselne-rady.html]
[matematika.cz/kategorie-maturita.html]
[matematika.cz/maturita-2013-ilustracni.html]
[matematika.cz/maturita-2013-jaro.html]
[matematika.cz/kategorie-analyza.html]
[matematika.cz/posloupnosti.html]
[matematika.cz/limita-posloupnosti.html]
[matematika.cz/limita-funkce.html]
[matematika.cz/spojitost-funkce.html]
[matematika.cz/derivace.html]
[matematika.cz/derivace-priklady.html]
[matematika.cz/derivace-pokrocile-priklady.html]
[matematika.cz/derivace-vzorce.html]
[matematika.cz/prubeh-funkce.html]
[matematika.cz/integral.html]
[matematika.cz/kategorie-linearni-algebra.html]
[matematika.cz/relace.html]
[matematika.cz/systemy-linearnich-rovnic.html]
[matematika.cz/vektorove-prostory.html]
[matematika.cz/kategorie-informatika.html]
[matematika.cz/formalni-jazyky.html]
[matematika.cz/konecny-automat.html]
[matematika.cz/nedosazitelne-stavy.html]
[matematika.cz/uzavrenost-regularnich-jazyku.html]
[matematika.cz/regularni-vyrazy.html]
[matematika.cz/kategorie-kryptografie.html]
[matematika.cz/kryptografie.html]
[matematika.cz/caesarova-sifra.html]
[matematika.cz/vigenerova-sifra.html]
[matematika.cz/o-webu.html]
[matematika.cz/kontakt.html]
[matematika.cz/matice.html]
[matematika.cz/index.html]
[cdnjs.cloudflare.com/ajax/libs/mathjax/2.7.1/MathJaxdda6.js]
[fonts.googleapis.com/cssb5c9.css]
[fonts.googleapis.com/css43e8.css]
[plus.google.com/106738392831664880938/index.html]
[matematika.cz/matematika-pro-vysoke-skoly.html]
[matematika.cz/matematika-pro-stredni-skoly.html]
[matematika.cz/matematika-pro-zakladni-skoly.html]
[matematika.cz/telesa.html]
[matematika.cz/hodnost-matice.html]
[matematika.cz/inverzni-matice.html]
[matematika.cz/determinanty.html]
[matematika.cz/kategorie-zakladni-skola.html]
[matematika.cz/content/images/scitani1.png]
[matematika.cz/content/images/scitani2.png]
[matematika.cz/content/images/scitani3.png]
[matematika.cz/content/images/scitani4.png]
[matematika.cz/content/images/scitani5.png]
[matematika.cz/scitani-odecitani.html]
[matematika.cz/content/images/nasobeni1.png]
[matematika.cz/content/images/nasobeni2.png]
[matematika.cz/content/images/nasobeni3.png]
[matematika.cz/nasobeni.html]
[matematika.cz/content/images/deleni1.png]
[matematika.cz/content/images/divide_by_zero.jpg]
[matematika.cz/deleni.html]
[matematika.cz/mnohocleny.html]
[matematika.cz/deleni-mnohoclenu.html]
[matematika.cz/lomene-vyrazy.html]
[matematika.cz/zlomky.html]
[matematika.cz/vytykani.html]
[matematika.cz/procenta.html]
[matematika.cz/content/images/zaokr1.png]
[matematika.cz/content/images/zaokr2.png]
[matematika.cz/zaokrouhlovani.html]
[matematika.cz/trojclenka.html]
[matematika.cz/spolecna-prace.html]
[matematika.cz/kategorie-funkce.html]
[matematika.cz/co-je-to-funkce.html]
[matematika.cz/content/images/fun1.png]
[matematika.cz/content/images/fun2.png]
[matematika.cz/content/images/fun3.png]
[matematika.cz/content/images/fun4.png]
[matematika.cz/content/images/fun5.png]
[matematika.cz/content/images/fun6.png]
[matematika.cz/content/images/fun7.png]
[matematika.cz/content/images/fun8.png]
[matematika.cz/content/images/fun10.png]
[matematika.cz/funkce.html]
[matematika.cz/content/images/def1.png]
[matematika.cz/definicni-obor.html]
[matematika.cz/content/images/inverzni1.png]
[matematika.cz/content/images/inverzni2.png]
[matematika.cz/content/images/inverzni6.png]
[matematika.cz/content/images/inverzni7.png]
[matematika.cz/content/images/inverzni3.png]
[matematika.cz/content/images/inverzni4.png]
[matematika.cz/content/images/inverzni5.png]
[matematika.cz/inverzni-funkce.html]
[matematika.cz/content/images/parita1.png]
[matematika.cz/content/images/parita2.png]
[matematika.cz/content/images/parita3.png]
[matematika.cz/content/images/parita4.png]
[matematika.cz/content/images/parita5.png]
[matematika.cz/suda-licha.html]
[matematika.cz/content/images/linfun1.png]
[matematika.cz/content/images/linfun2.png]
[matematika.cz/content/images/linfun3.png]
[matematika.cz/linearni-funkce.html]
[matematika.cz/mocniny.html]
[matematika.cz/content/images/odm1.png]
[matematika.cz/content/images/odm2.png]
[matematika.cz/odmocniny.html]
[matematika.cz/content/images/exp1.png]
[matematika.cz/content/images/exp2.png]
[matematika.cz/exponencialni-funkce.html]
[matematika.cz/content/images/log1.png]
[matematika.cz/content/images/log2.png]
[matematika.cz/content/images/log3.png]
[matematika.cz/logaritmy.html]
[matematika.cz/content/images/kvadrfun1.png]
[matematika.cz/content/images/kvadrfun3.png]
[matematika.cz/content/images/kvadrgraf4.png]
[matematika.cz/content/images/kvadrfun5.png]
[matematika.cz/content/images/kvadrfun6.png]
[matematika.cz/content/images/kvadrfun2.png]
[matematika.cz/kvadraticka-funkce.html]
[matematika.cz/content/images/troj1.png]
[matematika.cz/content/images/ptroj1.png]
[matematika.cz/content/images/gonio1.png]
[matematika.cz/content/images/gonio2.png]
[matematika.cz/content/images/gonio3.png]
[matematika.cz/content/images/gonio4.png]
[matematika.cz/content/images/gonio5.png]
[matematika.cz/goniometrie.html]
[matematika.cz/kategorie-rovnice-nerovnice.html]
[matematika.cz/content/images/rovnice1.png]
[matematika.cz/content/images/rovnice2.png]
[matematika.cz/content/images/rovnice3.png]
[matematika.cz/content/images/rovnice4.png]
[matematika.cz/content/images/rovnice5.png]
[matematika.cz/content/images/rovnice6.png]
[matematika.cz/rovnice.html]
[matematika.cz/upravy-rovnic.html]
[matematika.cz/content/images/linrov1.png]
[matematika.cz/content/images/linrov2.png]
[matematika.cz/content/images/linrov3.png]
[matematika.cz/linearni-rovnice.html]
[matematika.cz/content/images/kvrov1.png]
[matematika.cz/content/images/kvrov2.png]
[matematika.cz/kvadraticke-rovnice.html]
[matematika.cz/binomicke-rovnice.html]
[matematika.cz/content/images/linnerov1.png]
[matematika.cz/content/images/linnerov2.png]
[matematika.cz/content/images/linnerov3.png]
[matematika.cz/content/images/linnerov4.png]
[matematika.cz/linearni-nerovnice.html]
[matematika.cz/content/images/kvnerov1.png]
[matematika.cz/content/images/kvnerov2.png]
[matematika.cz/content/images/kvnerov3.png]
[matematika.cz/content/images/kvnerov4.png]
[matematika.cz/content/images/kvnerov5.png]
[matematika.cz/kvadraticke-nerovnice.html]
[matematika.cz/exponencialni-rovnice.html]
[matematika.cz/content/images/gonrov1.png]
[matematika.cz/content/images/gonrov2.png]
[matematika.cz/content/images/gonrov3.png]
[matematika.cz/content/images/gonrov4.png]
[matematika.cz/content/images/gonrov5.png]
[matematika.cz/content/images/gonrov6.png]
[matematika.cz/goniometricke-rovnice.html]
[matematika.cz/soustavy-rovnic.html]
[matematika.cz/kategorie-cisla.html]
[matematika.cz/prirozena-cisla.html]
[matematika.cz/cela-cisla.html]
[matematika.cz/racionalni-cisla.html]
[matematika.cz/iracionalni-cisla.html]
[matematika.cz/realna-cisla.html]
[matematika.cz/komplexni-cisla.html]
[matematika.cz/prvocisla.html]
[matematika.cz/prevod.html]
[matematika.cz/mnoziny.html]
[matematika.cz/uroky.html]
[matematika.cz/content/images/interval1.png]
[matematika.cz/interval.html]
[matematika.cz/nekonecno.html]
[matematika.cz/doplneni-ctverec.html]
[matematika.cz/kategorie-geometrie.html]
[matematika.cz/content/images/geom1.png]
[matematika.cz/geometrie.html]
[matematika.cz/content/images/pr1.png]
[matematika.cz/content/images/pr2.png]
[matematika.cz/content/images/pr3.png]
[matematika.cz/content/images/pr4.png]
[matematika.cz/content/images/pr5.png]
[matematika.cz/content/images/pr6.png]
[matematika.cz/primka.html]
[matematika.cz/content/images/uhel.png]
[matematika.cz/content/images/uhel2.png]
[matematika.cz/content/images/uhel3.png]
[matematika.cz/content/images/uhel4.png]
[matematika.cz/content/images/uhel5.png]
[matematika.cz/content/images/ostry_uhel.png]
[matematika.cz/content/images/tupy_uhel.png]
[matematika.cz/content/images/vrcholove_uhly.png]
[matematika.cz/content/images/vedlejsi_uhly.png]
[matematika.cz/content/images/souhlasne_uhly.png]
[matematika.cz/uhel.html]
[matematika.cz/content/images/ctverec1.png]
[matematika.cz/content/images/ctverec2.png]
[matematika.cz/content/images/ctverec3.png]
[matematika.cz/content/images/ctverec4.png]
[matematika.cz/content/images/ctverec5.png]
[matematika.cz/ctverec.html]
[matematika.cz/content/images/obd1.png]
[matematika.cz/content/images/obd2.png]
[matematika.cz/content/images/obd3.png]
[matematika.cz/obdelnik.html]
[matematika.cz/images/rysovani/obsah.png]
[matematika.cz/images/rysovani/rovnobeznik2.png]
[matematika.cz/images/rysovani/rovnobeznik.png]
[matematika.cz/images/rysovani/obsah-lichobeznik.png]
[matematika.cz/images/rysovani/obsah-trojuhelnik.png]
[www.matweb.cz/cgi-bin/mimetex.11017cf.delayed]
[www.matweb.cz/cgi-bin/mimetexb1de.cgi]
[www.matweb.cz/cgi-bin/mimetex88b7.cgi]
[www.matweb.cz/cgi-bin/mimetexa22a.cgi]
[matematika.cz/images/rysovani/obsah-priklad.png]
[matematika.cz/images/rysovani/obsah-priklad2.png]
[matematika.cz/images/rysovani/obsah-priklad3.png]
[matematika.cz/images/rysovani/obsah-priklad4.png]
[matematika.cz/objemy-obsahy.html]
[matematika.cz/content/images/troj9.png]
[matematika.cz/content/images/troj17.png]
[matematika.cz/content/images/teznice1.png]
[matematika.cz/content/images/teznice2.png]
[matematika.cz/trojuhelnik.html]
[matematika.cz/content/images/kruz1.png]
[matematika.cz/content/images/kruz2.png]
[matematika.cz/content/images/kruz3.png]
[matematika.cz/content/images/kruz4.png]
[matematika.cz/content/images/kruz5.png]
[matematika.cz/content/images/kruz6.png]
[matematika.cz/content/images/kruz7.png]
[matematika.cz/content/images/kruz8.png]
[matematika.cz/content/images/kruz9.png]
[matematika.cz/content/images/kruz10.png]
[matematika.cz/content/images/kruz11.png]
[matematika.cz/kruznice.html]
[matematika.cz/content/images/kuzelosecky1.png]
[matematika.cz/kuzelosecky.html]
[matematika.cz/content/images/euklid1.png]
[matematika.cz/content/images/euklid2.png]
[matematika.cz/content/images/euklid3.png]
[matematika.cz/euklidovy-vety.html]
[matematika.cz/vzorce-geometrie.html]
[matematika.cz/kategorie-kombinatorika.html]
[matematika.cz/kombinatorika.html]
[matematika.cz/pravdepodobnost.html]
[matematika.cz/tri-dvere.html]
[matematika.cz/bezpecnost-hesla.html]
[matematika.cz/zaklady-statistiky.html]
[matematika.cz/content/images/bin1.png]
[matematika.cz/binomicka-veta.html]
[matematika.cz/kategorie-analyticka-geometrie.html]
[matematika.cz/content/images/vektory1.png]
[matematika.cz/content/images/vektory2.png]
[matematika.cz/content/images/vektory3.png]
[matematika.cz/content/images/vektory4.png]
[matematika.cz/content/images/vektory5.png]
[matematika.cz/content/images/vektory6.png]
[matematika.cz/content/images/vektory7.png]
[matematika.cz/content/images/vektor5.png]
[matematika.cz/vektory.html]
[matematika.cz/content/images/parametr1.png]
[matematika.cz/content/images/parametr2.png]
[matematika.cz/content/images/parametr3.png]
[matematika.cz/content/images/parametr4.png]
[matematika.cz/content/images/parametr5.png]
[matematika.cz/content/images/parametr6.png]
[matematika.cz/content/images/parametr7.png]
[matematika.cz/content/images/parametr8.png]
[matematika.cz/content/images/parametr9.png]
[matematika.cz/content/images/parametr10.png]
[matematika.cz/content/images/parametr11.png]
[matematika.cz/content/images/parametr12.png]
[matematika.cz/parametricka-rovnice-primky.html]
[matematika.cz/content/images/vzajemna1.png]
[matematika.cz/content/images/vzajemna2.png]
[matematika.cz/content/images/vzajemna3.png]
[matematika.cz/content/images/vzajemna4.png]
[matematika.cz/content/images/vzajemna5.png]
[matematika.cz/vzajemna-poloha-primek.html]
[matematika.cz/content/images/vektor6.png]
[matematika.cz/rovnice-roviny.html]
[matematika.cz/content/images/vzbod1.png]
[matematika.cz/vzdalenost-bod-primka.html]
[matematika.cz/kategorie-statistika.html]
[matematika.cz/zakladni-pojmy-statistiky.html]
[matematika.cz/rozlozeni-cetnosti.html]
[matematika.cz/prumer.html]
[matematika.cz/content/images/rozptyl1.png]
[matematika.cz/content/images/rozptyl2.png]
[matematika.cz/rozptyl.html]
[matematika.cz/smerodatna-odchylka.html]
[matematika.cz/content/images/rozlozeni1.png]
[matematika.cz/content/images/rozlozeni2.png]
[matematika.cz/rozlozeni-pravdepodobnosti.html]
[matematika.cz/content/images/normalni1.png]
[matematika.cz/content/images/normalni3.png]
[matematika.cz/content/images/normalni4.png]
[matematika.cz/content/images/normalni2.png]
[matematika.cz/rovnomerne-normalni-rozlozeni.html]
[matematika.cz/kategorie-dukazy.html]
[matematika.cz/dukazy.html]
[matematika.cz/dukaz-sporem.html]
[matematika.cz/matematicka-indukce.html]
[matematika.cz/kategorie-ostatni.html]
[matematika.cz/vyroky.html]
[matematika.cz/ukazky-testu.html]
[matematika.cz/images/postreh.png]
[matematika.cz/hlavolamy.html]
[matematika.cz/content/images/abs1.png]
[matematika.cz/content/images/abs2.png]
[matematika.cz/absolutni-hodnota.html]
[matematika.cz/faktorial.html]
[matematika.cz/pomery.html]
[matematika.cz/vyjadreni-promenne.html]
[matematika.cz/symboly.html]
[matematika.cz/nastroje.html]
[matematika.cz/mapa.html]
[matematika.cz/ciselne-rady.html]
[matematika.cz/kategorie-maturita.html]
[matematika.cz/content/images/matil1.png]
[matematika.cz/content/images/matil2.png]
[matematika.cz/content/images/matil3.png]
[matematika.cz/content/images/matil4.png]
[matematika.cz/content/images/matil5.png]
[matematika.cz/content/images/matil6.png]
[matematika.cz/content/images/matil7.png]
[matematika.cz/maturita-2013-ilustracni.html]
[matematika.cz/content/images/mat13-1.png]
[matematika.cz/content/images/mat13-2.png]
[matematika.cz/content/images/mat13-3.png]
[matematika.cz/content/images/mat13-4.png]
[matematika.cz/maturita-2013-jaro.html]
[matematika.cz/kategorie-analyza.html]
[matematika.cz/content/images/posl1.png]
[matematika.cz/content/images/posl2.png]
[matematika.cz/content/images/posl3.png]
[matematika.cz/content/images/posl4.png]
[matematika.cz/content/images/posl5.png]
[matematika.cz/posloupnosti.html]
[matematika.cz/content/images/limita1.png]
[matematika.cz/content/images/limita2.png]
[matematika.cz/content/images/limita3.png]
[matematika.cz/content/images/limita4.png]
[matematika.cz/content/images/limita5.png]
[matematika.cz/content/images/limita6.png]
[matematika.cz/content/images/limita7.png]
[matematika.cz/content/images/limita8.png]
[matematika.cz/content/images/limita9.png]
[matematika.cz/limita-posloupnosti.html]
[matematika.cz/content/images/flimita1.png]
[matematika.cz/content/images/spojitost3.png]
[matematika.cz/content/images/flimita2.png]
[matematika.cz/content/images/flimita3.png]
[matematika.cz/content/images/flimita4.png]
[matematika.cz/content/images/flimita5.png]
[matematika.cz/content/images/limita-funkce1.png]
[matematika.cz/content/images/flimita6.png]
[matematika.cz/content/images/flimita7.png]
[matematika.cz/content/images/flimita9.png]
[matematika.cz/content/images/flimita10.png]
[matematika.cz/content/images/flimita12.png]
[matematika.cz/content/images/flimita11.png]
[matematika.cz/limita-funkce.html]
[matematika.cz/content/images/spojitost1.png]
[matematika.cz/content/images/spojitost2.png]
[matematika.cz/content/images/spojitost4.png]
[matematika.cz/spojitost-funkce.html]
[matematika.cz/content/images/derivace2.png]
[matematika.cz/content/images/derivace8.png]
[matematika.cz/content/images/derivace9.png]
[matematika.cz/content/images/derivace3.png]
[matematika.cz/content/images/derivace4.png]
[matematika.cz/content/images/derivace5.png]
[matematika.cz/content/images/derivace11.png]
[matematika.cz/content/images/derivace10.png]
[matematika.cz/content/images/derivace7.png]
[matematika.cz/derivace.html]
[matematika.cz/derivace-priklady.html]
[matematika.cz/derivace-pokrocile-priklady.html]
[matematika.cz/derivace-vzorce.html]
[matematika.cz/prubeh-funkce.html]
[matematika.cz/integral.html]
[matematika.cz/kategorie-linearni-algebra.html]
[matematika.cz/relace.html]
[matematika.cz/systemy-linearnich-rovnic.html]
[matematika.cz/content/images/prostory1.png]
[matematika.cz/content/images/prostory2.png]
[matematika.cz/content/images/vektor7.png]
[matematika.cz/vektorove-prostory.html]
[matematika.cz/kategorie-informatika.html]
[matematika.cz/formalni-jazyky.html]
[matematika.cz/content/images/konecny-automat-666077842dbae00091fb202bcea14dcd.png]
[matematika.cz/content/images/konecny-automat-723791326dc5af2adf5906627798e43f.png]
[matematika.cz/content/images/konecny-automat-510c91f3ed5d8d04ee1b4b5d5daa7c58.png]
[matematika.cz/content/images/konecny-automat-cd7d0ee7fcced12f9acaa2e8e114738d.png]
[matematika.cz/content/images/konecny-automat-c7cb09a7d2f718357dbfd1f07cdabdbf.png]
[matematika.cz/content/images/konecny-automat-d63b354790b02b417c8a23d6f12f14ca.png]
[matematika.cz/content/images/konecny-automat-a870fbc8a34d65e868be7aa047dbf3ca.png]
[matematika.cz/content/images/konecny-automat-cc1bbbc4bc689b0a0fbb7adeffc52368.png]
[matematika.cz/konecny-automat.html]
[matematika.cz/content/images/nedosazitelne-stavy-dd52fbe7d16b34ca82b9b2d46f546679.png]
[matematika.cz/content/images/nedosazitelne-stavy-830db1d4a40993b3637fdea573763d98.png]
[matematika.cz/nedosazitelne-stavy.html]
[matematika.cz/uzavrenost-regularnich-jazyku.html]
[matematika.cz/regularni-vyrazy.html]
[matematika.cz/kategorie-kryptografie.html]
[matematika.cz/kryptografie.html]
[matematika.cz/caesarova-sifra.html]
[matematika.cz/vigenerova-sifra.html]
[matematika.cz/o-webu.html]
[matematika.cz/kontakt.html]
[matematika.cz/sources/styles/styly79ee.css]
[www.konstrukter.cz/wp-content/uploads/2014/07/polozka-pozadi2.html]
[connect.facebook.net/cs_CZ/all.js]
